Unify Error:
Circular dependencies in monoType f1 -> f2 and f1